hot_patch_support_matrix_v1
action_body|live_patch|HOT_PATCH_ACTION_BODY_SUPPORTED|action_body_changed
signature|rebuild_required|HOT_PATCH_SIGNATURE_REBUILD_REQUIRED|action_signature_changed
type|rebuild_required|HOT_PATCH_TYPE_REBUILD_REQUIRED|action_type_contract_changed
module|rebuild_required|HOT_PATCH_MODULE_REBUILD_REQUIRED|module_contract_changed
state_shape|rebuild_required|HOT_PATCH_STATE_SHAPE_REBUILD_REQUIRED|state_shape_changed
dependency|rebuild_required|HOT_PATCH_DEPENDENCY_REBUILD_REQUIRED|dependency_set_changed
macro|rebuild_required|HOT_PATCH_MACRO_REBUILD_REQUIRED|macro_expansion_changed
crate_graph|rebuild_required|HOT_PATCH_CRATE_GRAPH_REBUILD_REQUIRED|crate_graph_changed
platform_boundary|rebuild_required|HOT_PATCH_PLATFORM_BOUNDARY_REBUILD_REQUIRED|platform_boundary_changed
